{
  "version": "1.4.0",
  "plugins_used": [
    {
      "name": "ArtifactoryDetector"
    },
    {
      "name": "AWSKeyDetector"
    },
    {
      "name": "AzureStorageKeyDetector"
    },
    {
      "name": "Base64HighEntropyString",
      "limit": 4.5
    },
    {
      "name": "BasicAuthDetector"
    },
    {
      "name": "CloudantDetector"
    },
    {
      "name": "DiscordBotTokenDetector"
    },
    {
      "name": "GitHubTokenDetector"
    },
    {
      "name": "HexHighEntropyString",
      "limit": 3.0
    },
    {
      "name": "IbmCloudIamDetector"
    },
    {
      "name": "IbmCosHmacDetector"
    },
    {
      "name": "JwtTokenDetector"
    },
    {
      "name": "KeywordDetector",
      "keyword_exclude": ""
    },
    {
      "name": "MailchimpDetector"
    },
    {
      "name": "NpmDetector"
    },
    {
      "name": "PrivateKeyDetector"
    },
    {
      "name": "SendGridDetector"
    },
    {
      "name": "SlackDetector"
    },
    {
      "name": "SoftlayerDetector"
    },
    {
      "name": "SquareOAuthDetector"
    },
    {
      "name": "StripeDetector"
    },
    {
      "name": "TwilioKeyDetector"
    }
  ],
  "filters_used": [
    {
      "path": "detect_secrets.filters.allowlist.is_line_allowlisted"
    },
    {
      "path": "detect_secrets.filters.common.is_baseline_file",
      "filename": ".secrets.baseline"
    },
    {
      "path": "detect_secrets.filters.common.is_ignored_due_to_verification_policies",
      "min_level": 2
    },
    {
      "path": "detect_secrets.filters.heuristic.is_indirect_reference"
    },
    {
      "path": "detect_secrets.filters.heuristic.is_likely_id_string"
    },
    {
      "path": "detect_secrets.filters.heuristic.is_lock_file"
    },
    {
      "path": "detect_secrets.filters.heuristic.is_not_alphanumeric_string"
    },
    {
      "path": "detect_secrets.filters.heuristic.is_potential_uuid"
    },
    {
      "path": "detect_secrets.filters.heuristic.is_prefixed_with_dollar_sign"
    },
    {
      "path": "detect_secrets.filters.heuristic.is_sequential_string"
    },
    {
      "path": "detect_secrets.filters.heuristic.is_swagger_file"
    },
    {
      "path": "detect_secrets.filters.heuristic.is_templated_secret"
    }
  ],
  "results": {
    ".well-known/keybase.txt": [
      {
        "type": "Hex High Entropy String",
        "filename": ".well-known/keybase.txt",
        "hashed_secret": "cfbdb4b829935f36fc1e68b98a83950025df9ae2",
        "is_verified": false,
        "line_number": 16,
        "is_secret": false
      },
      {
        "type": "Hex High Entropy String",
        "filename": ".well-known/keybase.txt",
        "hashed_secret": "99145ac8b393c38108b137d834a43526e6a6e30d",
        "is_verified": false,
        "line_number": 18,
        "is_secret": false
      },
      {
        "type": "Hex High Entropy String",
        "filename": ".well-known/keybase.txt",
        "hashed_secret": "82e68172d952c77bbd850a7f4f18c29c76fdabb0",
        "is_verified": false,
        "line_number": 19,
        "is_secret": false
      },
      {
        "type": "Hex High Entropy String",
        "filename": ".well-known/keybase.txt",
        "hashed_secret": "aa6ed0b32f17377c102c33c2d4e2b538999af915",
        "is_verified": false,
        "line_number": 24,
        "is_secret": false
      },
      {
        "type": "Hex High Entropy String",
        "filename": ".well-known/keybase.txt",
        "hashed_secret": "cc96cf505f42614926b8ae13b17f285353a6820a",
        "is_verified": false,
        "line_number": 25,
        "is_secret": false
      },
      {
        "type": "Hex High Entropy String",
        "filename": ".well-known/keybase.txt",
        "hashed_secret": "38fa7af22539b40e12f3609f914cbcbcbc4f5cbb",
        "is_verified": false,
        "line_number": 42,
        "is_secret": false
      }
    ],
    "_includes/head.html": [
      {
        "type": "Base64 High Entropy String",
        "filename": "_includes/head.html",
        "hashed_secret": "ba59f787bcd6ba30be5a8f77c08441790476872e",
        "is_verified": false,
        "line_number": 50,
        "is_secret": false
      }
    ],
    "keybase.txt": [
      {
        "type": "Hex High Entropy String",
        "filename": "keybase.txt",
        "hashed_secret": "cfbdb4b829935f36fc1e68b98a83950025df9ae2",
        "is_verified": false,
        "line_number": 16,
        "is_secret": false
      },
      {
        "type": "Hex High Entropy String",
        "filename": "keybase.txt",
        "hashed_secret": "99145ac8b393c38108b137d834a43526e6a6e30d",
        "is_verified": false,
        "line_number": 18,
        "is_secret": false
      },
      {
        "type": "Hex High Entropy String",
        "filename": "keybase.txt",
        "hashed_secret": "82e68172d952c77bbd850a7f4f18c29c76fdabb0",
        "is_verified": false,
        "line_number": 19,
        "is_secret": false
      },
      {
        "type": "Hex High Entropy String",
        "filename": "keybase.txt",
        "hashed_secret": "aa6ed0b32f17377c102c33c2d4e2b538999af915",
        "is_verified": false,
        "line_number": 24,
        "is_secret": false
      },
      {
        "type": "Hex High Entropy String",
        "filename": "keybase.txt",
        "hashed_secret": "cc96cf505f42614926b8ae13b17f285353a6820a",
        "is_verified": false,
        "line_number": 25,
        "is_secret": false
      },
      {
        "type": "Hex High Entropy String",
        "filename": "keybase.txt",
        "hashed_secret": "38fa7af22539b40e12f3609f914cbcbcbc4f5cbb",
        "is_verified": false,
        "line_number": 42,
        "is_secret": false
      }
    ]
  },
  "generated_at": "2024-04-24T22:11:06Z"
}
